
> tasks@0.1.0 test
> react-scripts test

Browserslist: caniuse-lite is outdated. Please run:
  npx browserslist@latest --update-db
  Why you should do it regularly: https://github.com/browserslist/browserslist#browsers-data-updating
FAIL src/quizzer/Quizzer.test.tsx
  ● Test suite failed to run

    Your test suite must contain at least one test.

      at onResult (node_modules/@jest/core/build/TestScheduler.js:175:18)
      at node_modules/@jest/core/build/TestScheduler.js:316:17
      at node_modules/emittery/index.js:260:13
          at Array.map (<anonymous>)
      at Emittery.emit (node_modules/emittery/index.js:258:23)

PASS src/App.test.tsx
  ● Console

    console.error
      Warning: Each child in a list should have a unique "key" prop.
      
      Check the render method of `QuizList`. See https://reactjs.org/link/warning-keys for more information.
          at span
          at QuizList (/home/runner/work/task11/task11/src/quizzer/QuizList.tsx:9:5)
          at div
          at Quizzer (/home/runner/work/task11/task11/src/quizzer/Quizzer.tsx:24:35)
          at div
          at div
          at App (/home/runner/work/task11/task11/src/App.tsx:8:35)

      23 |
      24 |     return (
    > 25 |         <div className="quiz_list">
         |         ^
      26 |             {!displayId && (
      27 |                 <>
      28 |                     {quizzes.map((quiz: Quiz) => (

      at printWarning (node_modules/react/cjs/react-jsx-dev-runtime.development.js:117:30)
      at error (node_modules/react/cjs/react-jsx-dev-runtime.development.js:93:5)
      at validateExplicitKey (node_modules/react/cjs/react-jsx-dev-runtime.development.js:986:5)
      at validateChildKeys (node_modules/react/cjs/react-jsx-dev-runtime.development.js:1013:11)
      at jsxWithValidation (node_modules/react/cjs/react-jsx-dev-runtime.development.js:1174:15)
      at QuizList (src/quizzer/QuizList.tsx:25:9)
      at renderWithHooks (node_modules/react-dom/cjs/react-dom.development.js:14985:18)
      at mountIndeterminateComponent (node_modules/react-dom/cjs/react-dom.development.js:17811:13)

-------------------|---------|----------|---------|---------|-------------------
File               | % Stmts | % Branch | % Funcs | % Lines | Uncovered Line #s 
-------------------|---------|----------|---------|---------|-------------------
All files          |   21.85 |    15.51 |   13.33 |   22.91 |                   
 src               |   66.66 |       50 |      50 |   66.66 |                   
  App.tsx          |   66.66 |       50 |      50 |   66.66 | 16                
 src/interfaces    |       0 |        0 |       0 |       0 |                   
  question.ts      |       0 |        0 |       0 |       0 |                   
  quiz.ts          |       0 |        0 |       0 |       0 |                   
 src/quizzer       |   20.94 |    12.96 |   12.32 |   21.98 |                   
  AddQuizModal.tsx |   35.71 |      100 |      20 |   35.71 | 14-17,33-52       
  QuestionEdit.tsx |    3.33 |        0 |       0 |    3.33 | 15-244            
  QuizCard.tsx     |      80 |       80 |   66.66 |      80 | 22                
  QuizEdit.tsx     |    3.44 |        0 |       0 |    3.84 | 16-162            
  QuizExpanded.tsx |     3.7 |        0 |       0 |    3.84 | 15-92             
  QuizList.tsx     |   72.72 |       75 |      60 |   72.72 | 17,21,42          
  QuizQuestion.tsx |      10 |        0 |       0 |      10 | 16-55             
  QuizView.tsx     |      20 |        0 |       0 |      20 | 14-20             
  Quizzer.tsx      |   52.94 |        0 |   27.27 |   64.28 | 28-42             
-------------------|---------|----------|---------|---------|-------------------

Test Suites: 1 failed, 1 passed, 2 total
Tests:       1 passed, 1 total
Snapshots:   0 total
Time:        4.168 s
Ran all test suites.
